../Core/Src/main.c:114:5:main	16	static
../Core/Src/main.c:370:6:SystemClock_Config	88	static
../Core/Src/main.c:412:6:cw2	16	static
../Core/Src/main.c:425:6:ccw1	16	static
../Core/Src/main.c:433:6:ccw2	16	static
../Core/Src/main.c:447:6:cw1	16	static
../Core/Src/main.c:456:6:stop2	4	static
../Core/Src/main.c:463:6:stop1	4	static
../Core/Src/main.c:469:6:reset_motors	4	static
../Core/Src/main.c:477:6:goto_angle1	16	static
../Core/Src/main.c:514:6:goto_angle2	16	static
../Core/Src/main.c:552:7:r_abs	16	static
../Core/Src/main.c:560:6:print_debug	176	static
../Core/Src/main.c:566:6:read_sensors	8	static
../Core/Src/main.c:580:6:fast_oscillation1	24	static
../Core/Src/main.c:625:6:fast_oscillation2	24	static
../Core/Src/main.c:673:6:srand	16	static
../Core/Src/main.c:677:10:rand	4	static
../Core/Src/main.c:682:7:getRandomFloat	16	static
../Core/Src/main.c:732:6:badpwm	24	static
../Core/Src/main.c:751:6:Error_Handler	8	static,ignoring_inline_asm
